Username	 : Omkar21-1
Password Token 	 : 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




git status 
git add . 
git commit -m "CHANGES"
git push  



===================================
problem
===================================

┌──(vaibhav㉿kali)-[~/Documents/omkar/C_programs]
└─$ git status                                                
On branch main
Your branch is ahead of 'origin/main' by 2 commits.
  (use "git push" to publish your local commits)

nothing to commit, working tree clean
                                                                                                                                                                                                                                            
┌──(vaibhav㉿kali)-[~/Documents/omkar/C_programs]
└─$ git push                                                  
Username for 'https://github.com': Omkar21-1
Password for 'https://Omkar21-1@github.com': 
remote: Support for password authentication was removed on August 13, 2021.
remote: Please see https://docs.github.com/en/get-started/getting-started-with-git/about-remote-repositories#cl
fatal: Authentication failed for 'https://github.com/Omkar21-1/C_code.git/'
                                                                                                               
┌──(vaibhav㉿kali)-[~/Documents/omkar/C_programs]
└─$ 
                                                                                                               
┌──(vaibhav㉿kali)-[~/Documents/omkar/C_programs]
└─$ git config --global user.name "Omkar21-1"           
                                                                                                               
┌──(vaibhav㉿kali)-[~/Documents/omkar/C_programs]
└─$ git config --global user.email "omkarkshirsagar2005@gmail.com"
                                                                                                               
┌──(vaibhav㉿kali)-[~/Documents/omkar/C_programs]
└─$ git config -l
user.email=omkarkshirsagar2005@gmail.com
user.name=Omkar21-1
core.repositoryformatversion=0
core.filemode=true
core.bare=false
core.logallrefupdates=true
remote.origin.url=https://github.com/Omkar21-1/C_code.git
remote.origin.fetch=+refs/heads/*:refs/remotes/origin/*
branch.main.remote=origin
branch.main.merge=refs/heads/main
pull.rebase=false
                                                                                                               
┌──(vaibhav㉿kali)-[~/Documents/omkar/C_programs]
└─$ git status   
On branch main
Your branch is ahead of 'origin/main' by 2 commits.
  (use "git push" to publish your local commits)

nothing to commit, working tree clean
                                                                                                               
┌──(vaibhav㉿kali)-[~/Documents/omkar/C_programs]
└─$ git add . 
                                                                                                               
┌──(vaibhav㉿kali)-[~/Documents/omkar/C_programs]
└─$ git commit -m "HackerRank/querying_the_document.c-->added"
On branch main
Your branch is ahead of 'origin/main' by 2 commits.
  (use "git push" to publish your local commits)

nothing to commit, working tree clean
                                                                                                               
┌──(vaibhav㉿kali)-[~/Documents/omkar/C_programs]
└─$ git push                                                  
Username for 'https://github.com': Omkar21-1
Password for 'https://Omkar21-1@github.com': 
Enumerating objects: 10, done.
Counting objects: 100% (10/10), done.
Delta compression using up to 4 threads
Compressing objects: 100% (8/8), done.
Writing objects: 100% (8/8), 4.67 KiB | 4.67 MiB/s, done.
Total 8 (delta 4), reused 0 (delta 0), pack-reused 0
remote: Resolving deltas: 100% (4/4), completed with 2 local objects.
To https://github.com/Omkar21-1/C_code.git
   1351a6b..d898701  main -> main
